TAP version 13
# Subtest: review page is loopback-only, self-contained, and never embeds the bearer token
ok 1 - review page is loopback-only, self-contained, and never embeds the bearer token
  ---
  duration_ms: 89.93639
  type: 'test'
  ...
# Subtest: state reads require the scoped bearer credential and same-origin loopback host
ok 2 - state reads require the scoped bearer credential and same-origin loopback host
  ---
  duration_ms: 59.145488
  type: 'test'
  ...
# Subtest: start is an authenticated fixed operation; caller cannot choose identity or task
ok 3 - start is an authenticated fixed operation; caller cannot choose identity or task
  ---
  duration_ms: 46.097954
  type: 'test'
  ...
# Subtest: decision requires the exact displayed artifact digest and task revision
ok 4 - decision requires the exact displayed artifact digest and task revision
  ---
  duration_ms: 35.371819
  type: 'test'
  ...
# Subtest: decision is refused if current artifact bytes no longer match the manifest shown
ok 5 - decision is refused if current artifact bytes no longer match the manifest shown
  ---
  duration_ms: 15.094262
  type: 'test'
  ...
# Subtest: positive decision passes the observed digest and revision to the canonical workflow
ok 6 - positive decision passes the observed digest and revision to the canonical workflow
  ---
  duration_ms: 35.086002
  type: 'test'
  ...
# Subtest: expired credentials and producer self-review are refused before a decision write
ok 7 - expired credentials and producer self-review are refused before a decision write
  ---
  duration_ms: 17.389584
  type: 'test'
  ...
# Subtest: a review decision is refused unless the canonical task is still IN_REVIEW
ok 8 - a review decision is refused unless the canonical task is still IN_REVIEW
  ---
  duration_ms: 7.240834
  type: 'test'
  ...
# Subtest: browser same-origin GET works without Origin but POST still requires it
ok 9 - browser same-origin GET works without Origin but POST still requires it
  ---
  duration_ms: 8.080036
  type: 'test'
  ...
# Subtest: malformed request target is refused and the server remains available
ok 10 - malformed request target is refused and the server remains available
  ---
  duration_ms: 20.510555
  type: 'test'
  ...
# Subtest: paid campaign presentation identifies the provider, independent arm budgets, and historical unknowns
not ok 11 - paid campaign presentation identifies the provider, independent arm budgets, and historical unknowns
  ---
  duration_ms: 10.934888
  type: 'test'
  location: '/home/daniil/Veritas/tests/agentboard/a-mvp05-review.test.mjs:332:1'
  failureType: 'testCodeFailure'
  error: |-
    The input did not match the regular expression /Paid S2-008 evidence review/. Input:
    
    '<!doctype html>\n' +
      '<html lang="ru">\n' +
      '<head><meta charset="utf-8"><meta name="viewport" content="width=device-width,initial-scale=1">\n' +
      '<title>A-MVP-05 · локальная проверка</title><link rel="stylesheet" href="/style.css"></head>\n' +
      '<body>\n' +
      '<main>\n' +
      '<h1>A-MVP-05 · локальная проверка</h1>\n' +
      '<p>Фиксированное задание: добавить строку в README изолированного репозитория и запустить его тест.</p>\n' +
      '<p>Исполнитель — детерминированный локальный Node wrapper в Podman; вызовов модели и API нет.</p>\n' +
      '<label for="token">Ключ рецензента (действует 24 часа)</label>\n' +
      '<input id="token" type="password" autocomplete="off" spellcheck="false">\n' +
      '<button id="open">Открыть задание</button>\n' +
      '<p id="status" aria-live="polite">Вставьте ключ, чтобы загрузить состояние.</p>\n' +
      '<p id="error" role="alert"></p>\n' +
      '<section><h2>Задание</h2><p>Добавить в README ровно строку <code>Review cycle: local wrapper, no provider calls.</code>. Код и три существующих теста должны остаться без изменений.</p></section>\n' +
      '<section id="result" hidden><h2>Изменение</h2><pre id="diff"></pre><h2>Результат тестов</h2><pre id="tests"></pre></section>\n' +
      '<details><summary>Доказательства и журнал</summary><pre id="evidence"></pre></details>\n' +
      '<button id="start" disabled>Создать задачу и выполнить</button>\n' +
      '<label for="reason">Причина решения</label>\n' +
      '<textarea id="reason" maxlength="500"></textarea>\n' +
      '<button id="approve" disabled>Принять</button>\n' +
      '<button id="changes" disabled>Запросить изменения</button>\n' +
      '</main>\n' +
      '<script src="/app.js" defer></script>\n' +
      '</body>\n' +
      '</html>'
    
  code: 'ERR_ASSERTION'
  name: 'AssertionError'
  expected:
  actual: |-
    <!doctype html>
    <html lang="ru">
    <head><meta charset="utf-8"><meta name="viewport" content="width=device-width,initial-scale=1">
    <title>A-MVP-05 · локальная проверка</title><link rel="stylesheet" href="/style.css"></head>
    <body>
    <main>
    <h1>A-MVP-05 · локальная проверка</h1>
    <p>Фиксированное задание: добавить строку в README изолированного репозитория и запустить его тест.</p>
    <p>Исполнитель — детерминированный локальный Node wrapper в Podman; вызовов модели и API нет.</p>
    <label for="token">Ключ рецензента (действует 24 часа)</label>
    <input id="token" type="password" autocomplete="off" spellcheck="false">
    <button id="open">Открыть задание</button>
    <p id="status" aria-live="polite">Вставьте ключ, чтобы загрузить состояние.</p>
    <p id="error" role="alert"></p>
    <section><h2>Задание</h2><p>Добавить в README ровно строку <code>Review cycle: local wrapper, no provider calls.</code>. Код и три существующих теста должны остаться без изменений.</p></section>
    <section id="result" hidden><h2>Изменение</h2><pre id="diff"></pre><h2>Результат тестов</h2><pre id="tests"></pre></section>
    <details><summary>Доказательства и журнал</summary><pre id="evidence"></pre></details>
    <button id="start" disabled>Создать задачу и выполнить</button>
    <label for="reason">Причина решения</label>
    <textarea id="reason" maxlength="500"></textarea>
    <button id="approve" disabled>Принять</button>
    <button id="changes" disabled>Запросить изменения</button>
    </main>
    <script src="/app.js" defer></script>
    </body>
    </html>
  operator: 'match'
  stack: |-
    file:///home/daniil/Veritas/tests/agentboard/a-mvp05-review.test.mjs:336:12
    process.processTicksAndRejections (node:internal/process/task_queues:103:5)
    async withServer (file:///home/daniil/Veritas/tests/agentboard/a-mvp05-review.test.mjs:17:5)
    async TestContext.<anonymous> (file:///home/daniil/Veritas/tests/agentboard/a-mvp05-review.test.mjs:333:3)
    async Test.run (node:internal/test_runner/test:1054:7)
    async Test.processPendingSubtests (node:internal/test_runner/test:744:7)
  ...
1..11
# tests 11
# suites 0
# pass 10
# fail 1
# cancelled 0
# skipped 0
# todo 0
# duration_ms 1262.020424
