TAP version 13
# Subtest: v10 probe path reaches both probe children through the public resolver
ok 1 - v10 probe path reaches both probe children through the public resolver
  ---
  duration_ms: 1.466166
  type: 'test'
  ...
# Subtest: probe path resolver keeps legacy default and rejects unsupported or escaping paths
ok 2 - probe path resolver keeps legacy default and rejects unsupported or escaping paths
  ---
  duration_ms: 0.587539
  type: 'test'
  ...
1..2
# tests 2
# suites 0
# pass 2
# fail 0
# cancelled 0
# skipped 0
# todo 0
# duration_ms 434.160485
